Archive member included because of file (symbol)

/usr/lib/gcc/avr/4.3.4/avr5/libgcc.a(_divmodhi4.o)
                              lightctl_27segs.o (__divmodhi4)
/usr/lib/gcc/avr/4.3.4/avr5/libgcc.a(_exit.o)
                              /usr/lib/gcc/avr/4.3.4/../../../avr/lib/avr5/crtm32u4.o (exit)
/usr/lib/gcc/avr/4.3.4/avr5/libgcc.a(_copy_data.o)
                              lightctl_27segs.o (__do_copy_data)
/usr/lib/gcc/avr/4.3.4/avr5/libgcc.a(_clear_bss.o)
                              lightctl_27segs.o (__do_clear_bss)
/usr/lib/gcc/avr/4.3.4/avr5/libgcc.a(_udivmodhi4.o)
                              /usr/lib/gcc/avr/4.3.4/avr5/libgcc.a(_divmodhi4.o) (__udivmodhi4)

Allocating common symbols
Common symbol       size              file

HIGHBIT             0x1               lightctl_27segs.o
LOWBIT              0x1               lightctl_27segs.o

Discarded input sections

 .data          0x0000000000000000        0x0 /usr/lib/gcc/avr/4.3.4/../../../avr/lib/avr5/crtm32u4.o
 .bss           0x0000000000000000        0x0 /usr/lib/gcc/avr/4.3.4/../../../avr/lib/avr5/crtm32u4.o
 .text          0x0000000000000000        0x0 lightctl_27segs.o
 .data          0x0000000000000000        0x0 lightctl_27segs.o
 .text.adc_start
                0x0000000000000000       0x2a lightctl_27segs.o
 .text.adc_available
                0x0000000000000000       0x16 lightctl_27segs.o
 .text.adc_read
                0x0000000000000000       0x2e lightctl_27segs.o
 .text.set_default_duty_cycles
                0x0000000000000000       0x3e lightctl_27segs.o
 .text          0x0000000000000000        0x0 usb_serial.o
 .text.usb_init
                0x0000000000000000       0x32 usb_serial.o
 .text.usb_configured
                0x0000000000000000        0x6 usb_serial.o
 .text.usb_serial_getchar
                0x0000000000000000       0x3e usb_serial.o
 .text.usb_serial_available
                0x0000000000000000       0x1a usb_serial.o
 .text.usb_serial_flush_input
                0x0000000000000000       0x26 usb_serial.o
 .text.usb_serial_putchar
                0x0000000000000000       0x84 usb_serial.o
 .text.usb_serial_putchar_nowait
                0x0000000000000000       0x40 usb_serial.o
 .text.usb_serial_write
                0x0000000000000000      0x250 usb_serial.o
 .progmem.gcc_sw_table
                0x0000000000000000       0x82 usb_serial.o
 .text.usb_serial_flush_output
                0x0000000000000000       0x20 usb_serial.o
 .text.usb_serial_get_baud
                0x0000000000000000       0x12 usb_serial.o
 .text.usb_serial_get_stopbits
                0x0000000000000000        0x6 usb_serial.o
 .text.usb_serial_get_paritytype
                0x0000000000000000        0x6 usb_serial.o
 .text.usb_serial_get_numbits
                0x0000000000000000        0x6 usb_serial.o
 .text.usb_serial_get_control
                0x0000000000000000        0x6 usb_serial.o
 .text.usb_serial_set_control
                0x0000000000000000       0x5a usb_serial.o
 .text          0x0000000000000000        0x0 /usr/lib/gcc/avr/4.3.4/avr5/libgcc.a(_divmodhi4.o)
 .data          0x0000000000000000        0x0 /usr/lib/gcc/avr/4.3.4/avr5/libgcc.a(_divmodhi4.o)
 .bss           0x0000000000000000        0x0 /usr/lib/gcc/avr/4.3.4/avr5/libgcc.a(_divmodhi4.o)
 .text          0x0000000000000000        0x0 /usr/lib/gcc/avr/4.3.4/avr5/libgcc.a(_exit.o)
 .data          0x0000000000000000        0x0 /usr/lib/gcc/avr/4.3.4/avr5/libgcc.a(_exit.o)
 .bss           0x0000000000000000        0x0 /usr/lib/gcc/avr/4.3.4/avr5/libgcc.a(_exit.o)
 .text.libgcc   0x0000000000000000        0x0 /usr/lib/gcc/avr/4.3.4/avr5/libgcc.a(_exit.o)
 .text          0x0000000000000000        0x0 /usr/lib/gcc/avr/4.3.4/avr5/libgcc.a(_copy_data.o)
 .data          0x0000000000000000        0x0 /usr/lib/gcc/avr/4.3.4/avr5/libgcc.a(_copy_data.o)
 .bss           0x0000000000000000        0x0 /usr/lib/gcc/avr/4.3.4/avr5/libgcc.a(_copy_data.o)
 .text.libgcc   0x0000000000000000        0x0 /usr/lib/gcc/avr/4.3.4/avr5/libgcc.a(_copy_data.o)
 .text          0x0000000000000000        0x0 /usr/lib/gcc/avr/4.3.4/avr5/libgcc.a(_clear_bss.o)
 .data          0x0000000000000000        0x0 /usr/lib/gcc/avr/4.3.4/avr5/libgcc.a(_clear_bss.o)
 .bss           0x0000000000000000        0x0 /usr/lib/gcc/avr/4.3.4/avr5/libgcc.a(_clear_bss.o)
 .text.libgcc   0x0000000000000000        0x0 /usr/lib/gcc/avr/4.3.4/avr5/libgcc.a(_clear_bss.o)
 .text          0x0000000000000000        0x0 /usr/lib/gcc/avr/4.3.4/avr5/libgcc.a(_udivmodhi4.o)
 .data          0x0000000000000000        0x0 /usr/lib/gcc/avr/4.3.4/avr5/libgcc.a(_udivmodhi4.o)
 .bss           0x0000000000000000        0x0 /usr/lib/gcc/avr/4.3.4/avr5/libgcc.a(_udivmodhi4.o)

Memory Configuration

Name             Origin             Length             Attributes
text             0x0000000000000000 0x0000000000020000 xr
data             0x0000000000800060 0x000000000000ffa0 rw !x
eeprom           0x0000000000810000 0x0000000000010000 rw !x
fuse             0x0000000000820000 0x0000000000000400 rw !x
lock             0x0000000000830000 0x0000000000000400 rw !x
signature        0x0000000000840000 0x0000000000000400 rw !x
*default*        0x0000000000000000 0xffffffffffffffff

Linker script and memory map

Address of section .data set to 0x800100
LOAD /usr/lib/gcc/avr/4.3.4/../../../avr/lib/avr5/crtm32u4.o
LOAD lightctl_27segs.o
LOAD usb_serial.o
LOAD /usr/lib/gcc/avr/4.3.4/../../../avr/lib/avr5/libm.a
LOAD /usr/lib/gcc/avr/4.3.4/avr5/libgcc.a
LOAD /usr/lib/gcc/avr/4.3.4/../../../avr/lib/avr5/libc.a
LOAD /usr/lib/gcc/avr/4.3.4/avr5/libgcc.a

.hash
 *(.hash)

.dynsym
 *(.dynsym)

.dynstr
 *(.dynstr)

.gnu.version
 *(.gnu.version)

.gnu.version_d
 *(.gnu.version_d)

.gnu.version_r
 *(.gnu.version_r)

.rel.init
 *(.rel.init)

.rela.init
 *(.rela.init)

.rel.text
 *(.rel.text)
 *(.rel.text.*)
 *(.rel.gnu.linkonce.t*)

.rela.text
 *(.rela.text)
 *(.rela.text.*)
 *(.rela.gnu.linkonce.t*)

.rel.fini
 *(.rel.fini)

.rela.fini
 *(.rela.fini)

.rel.rodata
 *(.rel.rodata)
 *(.rel.rodata.*)
 *(.rel.gnu.linkonce.r*)

.rela.rodata
 *(.rela.rodata)
 *(.rela.rodata.*)
 *(.rela.gnu.linkonce.r*)

.rel.data
 *(.rel.data)
 *(.rel.data.*)
 *(.rel.gnu.linkonce.d*)

.rela.data
 *(.rela.data)
 *(.rela.data.*)
 *(.rela.gnu.linkonce.d*)

.rel.ctors
 *(.rel.ctors)

.rela.ctors
 *(.rela.ctors)

.rel.dtors
 *(.rel.dtors)

.rela.dtors
 *(.rela.dtors)

.rel.got
 *(.rel.got)

.rela.got
 *(.rela.got)

.rel.bss
 *(.rel.bss)

.rela.bss
 *(.rela.bss)

.rel.plt
 *(.rel.plt)

.rela.plt
 *(.rela.plt)

.text           0x0000000000000000      0x78e
 *(.vectors)
 .vectors       0x0000000000000000       0xac /usr/lib/gcc/avr/4.3.4/../../../avr/lib/avr5/crtm32u4.o
                0x0000000000000000                __vectors
                0x0000000000000000                __vector_default
 *(.vectors)
 *(.progmem.gcc*)
 *(.progmem*)
 .progmem.data  0x00000000000000ac       0xc9 usb_serial.o
                0x0000000000000176                . = ALIGN (0x2)
 *fill*         0x0000000000000175        0x1 00
                0x0000000000000176                __trampolines_start = .
 *(.trampolines)
 .trampolines   0x0000000000000176        0x0 linker stubs
 *(.trampolines*)
                0x0000000000000176                __trampolines_end = .
 *(.jumptables)
 *(.jumptables*)
 *(.lowtext)
 *(.lowtext*)
                0x0000000000000176                __ctors_start = .
 *(.ctors)
                0x0000000000000176                __ctors_end = .
                0x0000000000000176                __dtors_start = .
 *(.dtors)
                0x0000000000000176                __dtors_end = .
 SORT(*)(.ctors)
 SORT(*)(.dtors)
 *(.init0)
 .init0         0x0000000000000176        0x0 /usr/lib/gcc/avr/4.3.4/../../../avr/lib/avr5/crtm32u4.o
                0x0000000000000176                __init
 *(.init0)
 *(.init1)
 *(.init1)
 *(.init2)
 .init2         0x0000000000000176        0xc /usr/lib/gcc/avr/4.3.4/../../../avr/lib/avr5/crtm32u4.o
 *(.init2)
 *(.init3)
 *(.init3)
 *(.init4)
 .init4         0x0000000000000182       0x16 /usr/lib/gcc/avr/4.3.4/avr5/libgcc.a(_copy_data.o)
                0x0000000000000182                __do_copy_data
 .init4         0x0000000000000198       0x10 /usr/lib/gcc/avr/4.3.4/avr5/libgcc.a(_clear_bss.o)
                0x0000000000000198                __do_clear_bss
 *(.init4)
 *(.init5)
 *(.init5)
 *(.init6)
 *(.init6)
 *(.init7)
 *(.init7)
 *(.init8)
 *(.init8)
 *(.init9)
 .init9         0x00000000000001a8        0x4 /usr/lib/gcc/avr/4.3.4/../../../avr/lib/avr5/crtm32u4.o
 *(.init9)
 *(.text)
 .text          0x00000000000001ac        0x2 /usr/lib/gcc/avr/4.3.4/../../../avr/lib/avr5/crtm32u4.o
                0x00000000000001ac                __vector_38
                0x00000000000001ac                __vector_22
                0x00000000000001ac                __vector_28
                0x00000000000001ac                __vector_1
                0x00000000000001ac                __vector_32
                0x00000000000001ac                __vector_34
                0x00000000000001ac                __vector_24
                0x00000000000001ac                __vector_12
                0x00000000000001ac                __bad_interrupt
                0x00000000000001ac                __vector_6
                0x00000000000001ac                __vector_31
                0x00000000000001ac                __vector_35
                0x00000000000001ac                __vector_39
                0x00000000000001ac                __vector_3
                0x00000000000001ac                __vector_23
                0x00000000000001ac                __vector_30
                0x00000000000001ac                __vector_25
                0x00000000000001ac                __vector_13
                0x00000000000001ac                __vector_17
                0x00000000000001ac                __vector_19
                0x00000000000001ac                __vector_7
                0x00000000000001ac                __vector_41
                0x00000000000001ac                __vector_27
                0x00000000000001ac                __vector_5
                0x00000000000001ac                __vector_33
                0x00000000000001ac                __vector_37
                0x00000000000001ac                __vector_4
                0x00000000000001ac                __vector_9
                0x00000000000001ac                __vector_2
                0x00000000000001ac                __vector_21
                0x00000000000001ac                __vector_15
                0x00000000000001ac                __vector_36
                0x00000000000001ac                __vector_40
                0x00000000000001ac                __vector_8
                0x00000000000001ac                __vector_26
                0x00000000000001ac                __vector_14
                0x00000000000001ac                __vector_16
                0x00000000000001ac                __vector_18
                0x00000000000001ac                __vector_20
                0x00000000000001ac                __vector_42
                0x00000000000001ae                . = ALIGN (0x2)
 *(.text.*)
 .text.__vector_29
                0x00000000000001ae       0x5c lightctl_27segs.o
                0x00000000000001ae                __vector_29
 .text.read_sensor
                0x000000000000020a       0x50 lightctl_27segs.o
                0x000000000000020a                read_sensor
 .text.set_display
                0x000000000000025a       0x2c lightctl_27segs.o
                0x000000000000025a                set_display
 .text.display_num
                0x0000000000000286      0x106 lightctl_27segs.o
                0x0000000000000286                display_num
 .text.display  0x000000000000038c       0x12 lightctl_27segs.o
                0x000000000000038c                display
 .text.setup_pwms
                0x000000000000039e       0x3a lightctl_27segs.o
                0x000000000000039e                setup_pwms
 .text.main     0x00000000000003d8       0x18 lightctl_27segs.o
                0x00000000000003d8                main
 .text.__vector_10
                0x00000000000003f0       0x76 usb_serial.o
                0x00000000000003f0                __vector_10
 .text.__vector_11
                0x0000000000000466      0x2d6 usb_serial.o
                0x0000000000000466                __vector_11
 .text.libgcc   0x000000000000073c       0x26 /usr/lib/gcc/avr/4.3.4/avr5/libgcc.a(_divmodhi4.o)
                0x000000000000073c                __divmodhi4
                0x000000000000073c                _div
 .text.libgcc   0x0000000000000762       0x28 /usr/lib/gcc/avr/4.3.4/avr5/libgcc.a(_udivmodhi4.o)
                0x0000000000000762                __udivmodhi4
                0x000000000000078a                . = ALIGN (0x2)
 *(.fini9)
 .fini9         0x000000000000078a        0x0 /usr/lib/gcc/avr/4.3.4/avr5/libgcc.a(_exit.o)
                0x000000000000078a                exit
                0x000000000000078a                _exit
 *(.fini9)
 *(.fini8)
 *(.fini8)
 *(.fini7)
 *(.fini7)
 *(.fini6)
 *(.fini6)
 *(.fini5)
 *(.fini5)
 *(.fini4)
 *(.fini4)
 *(.fini3)
 *(.fini3)
 *(.fini2)
 *(.fini2)
 *(.fini1)
 *(.fini1)
 *(.fini0)
 .fini0         0x000000000000078a        0x4 /usr/lib/gcc/avr/4.3.4/avr5/libgcc.a(_exit.o)
 *(.fini0)
                0x000000000000078e                _etext = .

.data           0x0000000000800100        0x8 load address 0x000000000000078e
                0x0000000000800100                PROVIDE (__data_start, .)
 *(.data)
 .data          0x0000000000800100        0x7 usb_serial.o
 *(.data*)
 *(.rodata)
 *(.rodata*)
 *(.gnu.linkonce.d*)
                0x0000000000800108                . = ALIGN (0x2)
 *fill*         0x0000000000800107        0x1 00
                0x0000000000800108                _edata = .
                0x0000000000800108                PROVIDE (__data_end, .)

.bss            0x0000000000800108        0xc
                0x0000000000800108                PROVIDE (__bss_start, .)
 *(.bss)
 .bss           0x0000000000800108        0x6 lightctl_27segs.o
 .bss           0x000000000080010e        0x4 usb_serial.o
 *(.bss*)
 *(COMMON)
 COMMON         0x0000000000800112        0x2 lightctl_27segs.o
                0x0000000000800112                HIGHBIT
                0x0000000000800113                LOWBIT
                0x0000000000800114                PROVIDE (__bss_end, .)
                0x000000000000078e                __data_load_start = LOADADDR (.data)
                0x0000000000000796                __data_load_end = (__data_load_start + SIZEOF (.data))

.noinit         0x0000000000800114        0x0
                0x0000000000800114                PROVIDE (__noinit_start, .)
 *(.noinit*)
                0x0000000000800114                PROVIDE (__noinit_end, .)
                0x0000000000800114                _end = .
                0x0000000000800114                PROVIDE (__heap_start, .)

.eeprom         0x0000000000810000        0x0
 *(.eeprom*)
                0x0000000000810000                __eeprom_end = .

.fuse
 *(.fuse)
 *(.lfuse)
 *(.hfuse)
 *(.efuse)

.lock
 *(.lock*)

.signature
 *(.signature*)

.stab           0x0000000000000000      0x6b4
 *(.stab)
 .stab          0x0000000000000000      0x6b4 /usr/lib/gcc/avr/4.3.4/../../../avr/lib/avr5/crtm32u4.o

.stabstr        0x0000000000000000       0x54
 *(.stabstr)
 .stabstr       0x0000000000000000       0x54 /usr/lib/gcc/avr/4.3.4/../../../avr/lib/avr5/crtm32u4.o

.stab.excl
 *(.stab.excl)

.stab.exclstr
 *(.stab.exclstr)

.stab.index
 *(.stab.index)

.stab.indexstr
 *(.stab.indexstr)

.comment
 *(.comment)

.debug
 *(.debug)

.line
 *(.line)

.debug_srcinfo
 *(.debug_srcinfo)

.debug_sfnames
 *(.debug_sfnames)

.debug_aranges  0x0000000000000000      0x110
 *(.debug_aranges)
 .debug_aranges
                0x0000000000000000       0x70 lightctl_27segs.o
 .debug_aranges
                0x0000000000000070       0xa0 usb_serial.o

.debug_pubnames
                0x0000000000000000      0x27c
 *(.debug_pubnames)
 .debug_pubnames
                0x0000000000000000       0xd6 lightctl_27segs.o
 .debug_pubnames
                0x00000000000000d6      0x1a6 usb_serial.o

.debug_info     0x0000000000000000      0xc17
 *(.debug_info)
 .debug_info    0x0000000000000000      0x38f lightctl_27segs.o
 .debug_info    0x000000000000038f      0x888 usb_serial.o
 *(.gnu.linkonce.wi.*)

.debug_abbrev   0x0000000000000000      0x39c
 *(.debug_abbrev)
 .debug_abbrev  0x0000000000000000      0x1c1 lightctl_27segs.o
 .debug_abbrev  0x00000000000001c1      0x1db usb_serial.o

.debug_line     0x0000000000000000     0x10c6
 *(.debug_line)
 .debug_line    0x0000000000000000      0x50e lightctl_27segs.o
 .debug_line    0x000000000000050e      0xbb8 usb_serial.o

.debug_frame    0x0000000000000000      0x1e0
 *(.debug_frame)
 .debug_frame   0x0000000000000000       0xc0 lightctl_27segs.o
 .debug_frame   0x00000000000000c0      0x120 usb_serial.o

.debug_str      0x0000000000000000      0x48e
 *(.debug_str)
 .debug_str     0x0000000000000000      0x145 lightctl_27segs.o
                                        0x189 (size before relaxing)
 .debug_str     0x0000000000000145      0x349 usb_serial.o
                                        0x430 (size before relaxing)

.debug_loc      0x0000000000000000      0xbc0
 *(.debug_loc)
 .debug_loc     0x0000000000000000      0x171 lightctl_27segs.o
 .debug_loc     0x0000000000000171      0xa4f usb_serial.o

.debug_macinfo
 *(.debug_macinfo)
OUTPUT(lightctl_27segs.elf elf32-avr)
LOAD linker stubs

.debug_ranges   0x0000000000000000      0x118
 .debug_ranges  0x0000000000000000       0x68 lightctl_27segs.o
 .debug_ranges  0x0000000000000068       0xb0 usb_serial.o

Cross Reference Table

Symbol                                            File
HIGHBIT                                           lightctl_27segs.o
LOWBIT                                            lightctl_27segs.o
__bad_interrupt                                   /usr/lib/gcc/avr/4.3.4/../../../avr/lib/avr5/crtm32u4.o
__bss_end                                         /usr/lib/gcc/avr/4.3.4/avr5/libgcc.a(_clear_bss.o)
__bss_start                                       /usr/lib/gcc/avr/4.3.4/avr5/libgcc.a(_clear_bss.o)
__data_end                                        /usr/lib/gcc/avr/4.3.4/avr5/libgcc.a(_copy_data.o)
__data_load_start                                 /usr/lib/gcc/avr/4.3.4/avr5/libgcc.a(_copy_data.o)
__data_start                                      /usr/lib/gcc/avr/4.3.4/avr5/libgcc.a(_copy_data.o)
__divmodhi4                                       /usr/lib/gcc/avr/4.3.4/avr5/libgcc.a(_divmodhi4.o)
                                                  lightctl_27segs.o
__do_clear_bss                                    /usr/lib/gcc/avr/4.3.4/avr5/libgcc.a(_clear_bss.o)
                                                  usb_serial.o
                                                  lightctl_27segs.o
__do_copy_data                                    /usr/lib/gcc/avr/4.3.4/avr5/libgcc.a(_copy_data.o)
                                                  usb_serial.o
                                                  lightctl_27segs.o
__heap_end                                        /usr/lib/gcc/avr/4.3.4/../../../avr/lib/avr5/crtm32u4.o
__init                                            /usr/lib/gcc/avr/4.3.4/../../../avr/lib/avr5/crtm32u4.o
__stack                                           /usr/lib/gcc/avr/4.3.4/../../../avr/lib/avr5/crtm32u4.o
__udivmodhi4                                      /usr/lib/gcc/avr/4.3.4/avr5/libgcc.a(_udivmodhi4.o)
                                                  /usr/lib/gcc/avr/4.3.4/avr5/libgcc.a(_divmodhi4.o)
__vector_1                                        /usr/lib/gcc/avr/4.3.4/../../../avr/lib/avr5/crtm32u4.o
__vector_10                                       usb_serial.o
                                                  /usr/lib/gcc/avr/4.3.4/../../../avr/lib/avr5/crtm32u4.o
__vector_11                                       usb_serial.o
                                                  /usr/lib/gcc/avr/4.3.4/../../../avr/lib/avr5/crtm32u4.o
__vector_12                                       /usr/lib/gcc/avr/4.3.4/../../../avr/lib/avr5/crtm32u4.o
__vector_13                                       /usr/lib/gcc/avr/4.3.4/../../../avr/lib/avr5/crtm32u4.o
__vector_14                                       /usr/lib/gcc/avr/4.3.4/../../../avr/lib/avr5/crtm32u4.o
__vector_15                                       /usr/lib/gcc/avr/4.3.4/../../../avr/lib/avr5/crtm32u4.o
__vector_16                                       /usr/lib/gcc/avr/4.3.4/../../../avr/lib/avr5/crtm32u4.o
__vector_17                                       /usr/lib/gcc/avr/4.3.4/../../../avr/lib/avr5/crtm32u4.o
__vector_18                                       /usr/lib/gcc/avr/4.3.4/../../../avr/lib/avr5/crtm32u4.o
__vector_19                                       /usr/lib/gcc/avr/4.3.4/../../../avr/lib/avr5/crtm32u4.o
__vector_2                                        /usr/lib/gcc/avr/4.3.4/../../../avr/lib/avr5/crtm32u4.o
__vector_20                                       /usr/lib/gcc/avr/4.3.4/../../../avr/lib/avr5/crtm32u4.o
__vector_21                                       /usr/lib/gcc/avr/4.3.4/../../../avr/lib/avr5/crtm32u4.o
__vector_22                                       /usr/lib/gcc/avr/4.3.4/../../../avr/lib/avr5/crtm32u4.o
__vector_23                                       /usr/lib/gcc/avr/4.3.4/../../../avr/lib/avr5/crtm32u4.o
__vector_24                                       /usr/lib/gcc/avr/4.3.4/../../../avr/lib/avr5/crtm32u4.o
__vector_25                                       /usr/lib/gcc/avr/4.3.4/../../../avr/lib/avr5/crtm32u4.o
__vector_26                                       /usr/lib/gcc/avr/4.3.4/../../../avr/lib/avr5/crtm32u4.o
__vector_27                                       /usr/lib/gcc/avr/4.3.4/../../../avr/lib/avr5/crtm32u4.o
__vector_28                                       /usr/lib/gcc/avr/4.3.4/../../../avr/lib/avr5/crtm32u4.o
__vector_29                                       lightctl_27segs.o
                                                  /usr/lib/gcc/avr/4.3.4/../../../avr/lib/avr5/crtm32u4.o
__vector_3                                        /usr/lib/gcc/avr/4.3.4/../../../avr/lib/avr5/crtm32u4.o
__vector_30                                       /usr/lib/gcc/avr/4.3.4/../../../avr/lib/avr5/crtm32u4.o
__vector_31                                       /usr/lib/gcc/avr/4.3.4/../../../avr/lib/avr5/crtm32u4.o
__vector_32                                       /usr/lib/gcc/avr/4.3.4/../../../avr/lib/avr5/crtm32u4.o
__vector_33                                       /usr/lib/gcc/avr/4.3.4/../../../avr/lib/avr5/crtm32u4.o
__vector_34                                       /usr/lib/gcc/avr/4.3.4/../../../avr/lib/avr5/crtm32u4.o
__vector_35                                       /usr/lib/gcc/avr/4.3.4/../../../avr/lib/avr5/crtm32u4.o
__vector_36                                       /usr/lib/gcc/avr/4.3.4/../../../avr/lib/avr5/crtm32u4.o
__vector_37                                       /usr/lib/gcc/avr/4.3.4/../../../avr/lib/avr5/crtm32u4.o
__vector_38                                       /usr/lib/gcc/avr/4.3.4/../../../avr/lib/avr5/crtm32u4.o
__vector_39                                       /usr/lib/gcc/avr/4.3.4/../../../avr/lib/avr5/crtm32u4.o
__vector_4                                        /usr/lib/gcc/avr/4.3.4/../../../avr/lib/avr5/crtm32u4.o
__vector_40                                       /usr/lib/gcc/avr/4.3.4/../../../avr/lib/avr5/crtm32u4.o
__vector_41                                       /usr/lib/gcc/avr/4.3.4/../../../avr/lib/avr5/crtm32u4.o
__vector_42                                       /usr/lib/gcc/avr/4.3.4/../../../avr/lib/avr5/crtm32u4.o
__vector_5                                        /usr/lib/gcc/avr/4.3.4/../../../avr/lib/avr5/crtm32u4.o
__vector_6                                        /usr/lib/gcc/avr/4.3.4/../../../avr/lib/avr5/crtm32u4.o
__vector_7                                        /usr/lib/gcc/avr/4.3.4/../../../avr/lib/avr5/crtm32u4.o
__vector_8                                        /usr/lib/gcc/avr/4.3.4/../../../avr/lib/avr5/crtm32u4.o
__vector_9                                        /usr/lib/gcc/avr/4.3.4/../../../avr/lib/avr5/crtm32u4.o
__vector_default                                  /usr/lib/gcc/avr/4.3.4/../../../avr/lib/avr5/crtm32u4.o
__vectors                                         /usr/lib/gcc/avr/4.3.4/../../../avr/lib/avr5/crtm32u4.o
_div                                              /usr/lib/gcc/avr/4.3.4/avr5/libgcc.a(_divmodhi4.o)
_exit                                             /usr/lib/gcc/avr/4.3.4/avr5/libgcc.a(_exit.o)
adc_available                                     lightctl_27segs.o
adc_read                                          lightctl_27segs.o
adc_start                                         lightctl_27segs.o
display                                           lightctl_27segs.o
display_num                                       lightctl_27segs.o
exit                                              /usr/lib/gcc/avr/4.3.4/avr5/libgcc.a(_exit.o)
                                                  /usr/lib/gcc/avr/4.3.4/../../../avr/lib/avr5/crtm32u4.o
main                                              lightctl_27segs.o
                                                  /usr/lib/gcc/avr/4.3.4/../../../avr/lib/avr5/crtm32u4.o
read_sensor                                       lightctl_27segs.o
set_default_duty_cycles                           lightctl_27segs.o
set_display                                       lightctl_27segs.o
setup_pwms                                        lightctl_27segs.o
usb_configured                                    usb_serial.o
usb_init                                          usb_serial.o
usb_serial_available                              usb_serial.o
usb_serial_flush_input                            usb_serial.o
usb_serial_flush_output                           usb_serial.o
usb_serial_get_baud                               usb_serial.o
usb_serial_get_control                            usb_serial.o
usb_serial_get_numbits                            usb_serial.o
usb_serial_get_paritytype                         usb_serial.o
usb_serial_get_stopbits                           usb_serial.o
usb_serial_getchar                                usb_serial.o
usb_serial_putchar                                usb_serial.o
usb_serial_putchar_nowait                         usb_serial.o
usb_serial_set_control                            usb_serial.o
usb_serial_write                                  usb_serial.o
